python : ..........................................
所在位置 行:1 字符: 37
+ ... project_v1; python -m unittest tests.test_api_integration 2>&1 | Out- ...
+                 ~~~~~~~~~~~~~~~~~~~~~~~~~~~~~~~~~~~~~~~~~~~~~~~~~~
    + CategoryInfo          : NotSpecified: (.................................:String) [], RemoteException
    + FullyQualifiedErrorId : NativeCommandError
 
----------------------------------------------------------------------
Ran 42 tests in 19.098s

OK
